[assembly: System.Reflection.AssemblyMetadata("RepositoryUrl", "https://github.com/aweXpect/aweXpect.Chronology.git")]
[assembly: System.Runtime.Versioning.TargetFramework(".NETCoreApp,Version=v8.0", FrameworkDisplayName=".NET 8.0")]
namespace aweXpect.Chronology
{
    public readonly struct DateBuilder
    {
        public DateBuilder(System.DateTime value) { }
        public aweXpect.Chronology.DateTimeBuilder Add(System.TimeSpan time) { }
        public static System.DateTime op_Implicit(aweXpect.Chronology.DateBuilder builder) { }
        public static System.DateOnly op_Implicit(aweXpect.Chronology.DateBuilder builder) { }
        public static aweXpect.Chronology.DateBuilder operator +(aweXpect.Chronology.DateBuilder builder, System.TimeSpan time) { }
        public static aweXpect.Chronology.DateBuilder operator -(aweXpect.Chronology.DateBuilder builder, System.TimeSpan time) { }
    }
    public readonly struct DateTimeBuilder
    {
        public DateTimeBuilder(System.DateTime value) { }
        public aweXpect.Chronology.DateTimeBuilder SpecifyKind(System.DateTimeKind kind) { }
        public static System.DateTime op_Implicit(aweXpect.Chronology.DateTimeBuilder builder) { }
        public static System.DateOnly op_Implicit(aweXpect.Chronology.DateTimeBuilder builder) { }
        public static System.TimeOnly op_Implicit(aweXpect.Chronology.DateTimeBuilder builder) { }
        public static aweXpect.Chronology.DateTimeBuilder operator +(aweXpect.Chronology.DateTimeBuilder builder, System.TimeSpan time) { }
        public static aweXpect.Chronology.DateTimeBuilder operator -(aweXpect.Chronology.DateTimeBuilder builder, System.TimeSpan time) { }
    }
    public static class DateTimeExtensions
    {
        public static System.DateTime After(this System.TimeSpan timeDifference, System.DateTime dateTime) { }
        public static aweXpect.Chronology.DateBuilder After(this System.TimeSpan timeDifference, aweXpect.Chronology.DateBuilder dateTime) { }
        public static System.DateTime After(this aweXpect.Chronology.TimeSpanBuilder timeDifference, System.DateTime dateTime) { }
        public static aweXpect.Chronology.DateBuilder After(this aweXpect.Chronology.TimeSpanBuilder timeDifference, aweXpect.Chronology.DateBuilder dateTime) { }
        public static aweXpect.Chronology.DateBuilder April(this int day, int year) { }
        public static System.DateTime AsLocal(this System.DateTime dateTime) { }
        public static aweXpect.Chronology.DateTimeBuilder AsLocal(this aweXpect.Chronology.DateTimeBuilder dateTime) { }
        public static System.DateTime AsUtc(this System.DateTime dateTime) { }
        public static aweXpect.Chronology.DateTimeBuilder AsUtc(this aweXpect.Chronology.DateTimeBuilder dateTime) { }
        public static System.DateTime At(this System.DateTime date, System.TimeSpan time) { }
        public static aweXpect.Chronology.DateTimeBuilder At(this aweXpect.Chronology.DateBuilder date, System.TimeSpan time) { }
        public static System.DateTime At(this System.DateTime date, int hours, int minutes, int seconds = 0, int milliseconds = 0) { }
        public static aweXpect.Chronology.DateTimeBuilder At(this aweXpect.Chronology.DateBuilder date, int hours, int minutes, int seconds = 0, int milliseconds = 0) { }
        public static aweXpect.Chronology.DateBuilder August(this int day, int year) { }
        public static System.DateTime Before(this System.TimeSpan timeDifference, System.DateTime dateTime) { }
        public static aweXpect.Chronology.DateBuilder Before(this System.TimeSpan timeDifference, aweXpect.Chronology.DateBuilder dateTime) { }
        public static System.DateTime Before(this aweXpect.Chronology.TimeSpanBuilder timeDifference, System.DateTime dateTime) { }
        public static aweXpect.Chronology.DateBuilder Before(this aweXpect.Chronology.TimeSpanBuilder timeDifference, aweXpect.Chronology.DateBuilder dateTime) { }
        public static aweXpect.Chronology.DateBuilder December(this int day, int year) { }
        public static aweXpect.Chronology.DateBuilder February(this int day, int year) { }
        public static aweXpect.Chronology.DateBuilder January(this int day, int year) { }
        public static aweXpect.Chronology.DateBuilder July(this int day, int year) { }
        public static aweXpect.Chronology.DateBuilder June(this int day, int year) { }
        public static aweXpect.Chronology.DateBuilder March(this int day, int year) { }
        public static aweXpect.Chronology.DateBuilder May(this int day, int year) { }
        public static aweXpect.Chronology.DateBuilder November(this int day, int year) { }
        public static aweXpect.Chronology.DateBuilder October(this int day, int year) { }
        public static aweXpect.Chronology.DateBuilder September(this int day, int year) { }
    }
    public readonly struct TimeSpanBuilder
    {
        public TimeSpanBuilder(System.TimeSpan value) { }
        public static System.TimeSpan op_Implicit(aweXpect.Chronology.TimeSpanBuilder builder) { }
        public static System.TimeOnly op_Implicit(aweXpect.Chronology.TimeSpanBuilder builder) { }
        public static aweXpect.Chronology.TimeSpanBuilder operator +(aweXpect.Chronology.TimeSpanBuilder builder, System.TimeSpan time) { }
        public static aweXpect.Chronology.TimeSpanBuilder operator -(aweXpect.Chronology.TimeSpanBuilder builder, System.TimeSpan time) { }
    }
    public static class TimeSpanBuilderExtensions
    {
        public static aweXpect.Chronology.TimeSpanBuilder Days(this double days) { }
        public static aweXpect.Chronology.TimeSpanBuilder Days(this int days) { }
        public static aweXpect.Chronology.TimeSpanBuilder Days(this double days, System.TimeSpan offset) { }
        public static aweXpect.Chronology.TimeSpanBuilder Days(this int days, System.TimeSpan offset) { }
        public static aweXpect.Chronology.TimeSpanBuilder Hours(this double hours) { }
        public static aweXpect.Chronology.TimeSpanBuilder Hours(this int hours) { }
        public static aweXpect.Chronology.TimeSpanBuilder Hours(this double hours, System.TimeSpan offset) { }
        public static aweXpect.Chronology.TimeSpanBuilder Hours(this int hours, System.TimeSpan offset) { }
        public static aweXpect.Chronology.TimeSpanBuilder Milliseconds(this double milliseconds) { }
        public static aweXpect.Chronology.TimeSpanBuilder Milliseconds(this int milliseconds) { }
        public static aweXpect.Chronology.TimeSpanBuilder Milliseconds(this double milliseconds, System.TimeSpan offset) { }
        public static aweXpect.Chronology.TimeSpanBuilder Milliseconds(this int milliseconds, System.TimeSpan offset) { }
        public static aweXpect.Chronology.TimeSpanBuilder Minutes(this double minutes) { }
        public static aweXpect.Chronology.TimeSpanBuilder Minutes(this int minutes) { }
        public static aweXpect.Chronology.TimeSpanBuilder Minutes(this double minutes, System.TimeSpan offset) { }
        public static aweXpect.Chronology.TimeSpanBuilder Minutes(this int minutes, System.TimeSpan offset) { }
        public static aweXpect.Chronology.TimeSpanBuilder Seconds(this double seconds) { }
        public static aweXpect.Chronology.TimeSpanBuilder Seconds(this int seconds) { }
        public static aweXpect.Chronology.TimeSpanBuilder Seconds(this double seconds, System.TimeSpan offset) { }
        public static aweXpect.Chronology.TimeSpanBuilder Seconds(this int seconds, System.TimeSpan offset) { }
    }
}