[assembly: System.Reflection.AssemblyMetadata("RepositoryUrl", "https://github.com/aweXpect/aweXpect.Chronology.git")]
[assembly: System.Runtime.Versioning.TargetFramework(".NETStandard,Version=v2.0", FrameworkDisplayName=".NET Standard 2.0")]
namespace aweXpect.Chronology
{
    public class Dummy
    {
        public Dummy() { }
        public int Double(int value) { }
    }
}